[0m12:33:03.172995 [debug] [MainThread]: Sending event: {'category': 'dbt', 'action': 'invocation', 'label': 'start', 'context': [<snowplow_tracker.self_describing_json.SelfDescribingJson object at 0x7fcf6d0ce5e0>, <snowplow_tracker.self_describing_json.SelfDescribingJson object at 0x7fcf70ac3340>, <snowplow_tracker.self_describing_json.SelfDescribingJson object at 0x7fcf70af5e20>]}


============================== 12:33:03.179673 | 2215bf07-847f-455f-adad-2e1b00e3f1a3 ==============================
[0m12:33:03.179673 [info ] [MainThread]: Running with dbt=1.8.7
[0m12:33:03.180490 [debug] [MainThread]: running dbt with arguments {'printer_width': '80', 'indirect_selection': 'eager', 'log_cache_events': 'False', 'write_json': 'True', 'partial_parse': 'True', 'cache_selected_only': 'False', 'warn_error': 'None', 'version_check': 'True', 'debug': 'False', 'log_path': 'logs', 'fail_fast': 'False', 'profiles_dir': '/Users/benjamin.nolan/.dbt', 'use_colors': 'True', 'use_experimental_parser': 'False', 'no_print': 'None', 'quiet': 'False', 'empty': 'None', 'log_format': 'default', 'static_parser': 'True', 'invocation_command': 'dbt init', 'warn_error_options': 'WarnErrorOptions(include=[], exclude=[])', 'target_path': 'None', 'introspect': 'True', 'send_anonymous_usage_stats': 'True'}
[0m12:33:24.138031 [debug] [MainThread]: Starter project path: /Users/benjamin.nolan/opt/anaconda3/lib/python3.8/site-packages/dbt/include/starter_project
[0m12:33:24.156130 [info ] [MainThread]: 
Your new dbt project "dbt_bigquery" was created!

For more information on how to configure the profiles.yml file,
please consult the dbt documentation here:

  https://docs.getdbt.com/docs/configure-your-profile

One more thing:

Need help? Don't hesitate to reach out to us via GitHub issues or on Slack:

  https://community.getdbt.com/

Happy modeling!

[0m12:33:24.156746 [info ] [MainThread]: Setting up your profile.
[0m12:34:06.925125 [info ] [MainThread]: Profile dbt_bigquery written to /Users/benjamin.nolan/.dbt/profiles.yml using target's profile_template.yml and your supplied values. Run 'dbt debug' to validate the connection.
[0m12:34:06.926527 [debug] [MainThread]: Resource report: {"command_name": "init", "command_success": true, "command_wall_clock_time": 63.842278, "process_user_time": 3.143415, "process_kernel_time": 1.222483, "process_mem_max_rss": "207613952", "process_in_blocks": "0", "process_out_blocks": "0"}
[0m12:34:06.927860 [debug] [MainThread]: Command `dbt init` succeeded at 12:34:06.927629 after 63.84 seconds
[0m12:34:06.928484 [debug] [MainThread]: Sending event: {'category': 'dbt', 'action': 'invocation', 'label': 'end', 'context': [<snowplow_tracker.self_describing_json.SelfDescribingJson object at 0x7fcf6d0ce5e0>, <snowplow_tracker.self_describing_json.SelfDescribingJson object at 0x7fcf70b6ff10>, <snowplow_tracker.self_describing_json.SelfDescribingJson object at 0x7fcf70ac3340>]}
[0m12:34:06.929137 [debug] [MainThread]: Flushing usage events
